Resolving dependencies...
Downloading packages...
  characters 1.4.0 (1.4.1 available)
  matcher 0.12.17 (0.12.18 available)
  material_color_utilities 0.11.1 (0.13.0 available)
  test_api 0.7.7 (0.7.8 available)
Got dependencies!
4 packages have newer versions incompatible with dependency constraints.
Try `flutter pub outdated` for more information.
Running Gradle task 'assembleDebug'...                          
flutter : warning: [options] source value 8 is obsolete and will be removed in a future release
At line:1 char:67
+ ... cukAiAssistant; flutter clean; flutter build apk --debug 2>&1 | Out-F ...
+                                    ~~~~~~~~~~~~~~~~~~~~~~~~~~~~~~
    + CategoryInfo          : NotSpecified: (warning: [optio... future release:String) [], RemoteException
    + FullyQualifiedErrorId : NativeCommandError
 
warning: [options] target value 8 is obsolete and will be removed in a future release
warning: [options] To suppress warnings about obsolete options, use -Xlint:-options.
warning: unknown enum constant Mode.LOCAL
  reason: class file for com.facebook.infer.annotation.Nullsafe$Mode not found
warning: unknown enum constant Mode.LOCAL
warning: unknown enum constant Mode.LOCAL
warning: unknown enum constant Mode.LOCAL
warning: unknown enum constant Mode.LOCAL
warning: unknown enum constant Mode.LOCAL
warning: unknown enum constant Mode.LOCAL
warning: unknown enum constant Mode.LOCAL
warning: unknown enum constant Mode.LOCAL
warning: unknown enum constant Mode.LOCAL
warning: unknown enum constant Mode.LOCAL
warning: unknown enum constant Mode.LOCAL
warning: unknown enum constant Mode.LOCAL
warning: unknown enum constant Mode.LOCAL
17 warnings
Running Gradle task 'assembleDebug'...                             23,5s
ÔêÜ Built build\app\outputs\flutter-apk\app-debug.apk
